#! /usr/local/Cellar/icarus-verilog/13.0/bin/vvp
:ivl_version "13.0 (stable)" "(v13_0)";
:ivl_delay_selection "TYPICAL";
:vpi_time_precision + 0;
:vpi_module "/usr/local/Cellar/icarus-verilog/13.0/lib/ivl/system.vpi";
:vpi_module "/usr/local/Cellar/icarus-verilog/13.0/lib/ivl/vhdl_sys.vpi";
:vpi_module "/usr/local/Cellar/icarus-verilog/13.0/lib/ivl/vhdl_textio.vpi";
:vpi_module "/usr/local/Cellar/icarus-verilog/13.0/lib/ivl/v2005_math.vpi";
:vpi_module "/usr/local/Cellar/icarus-verilog/13.0/lib/ivl/va_math.vpi";
:vpi_module "/usr/local/Cellar/icarus-verilog/13.0/lib/ivl/v2009.vpi";
S_0x7fce6cf05e50 .scope package, "$unit" "$unit" 2 1;
 .timescale 0 0;
S_0x7fce6cf05fd0 .scope module, "logic_gates_tb" "logic_gates_tb" 3 1;
 .timescale 0 0;
v0x7fce6cf102f0_0 .var "a", 0 0;
v0x7fce6cf10390_0 .var "b", 0 0;
v0x7fce6cf10440_0 .var "sel", 1 0;
v0x7fce6cf10510_0 .net "y", 0 0, v0x7fce6cf101f0_0;  1 drivers
S_0x7fce6cf06150 .scope module, "uut" "logic_gates" 3 7, 4 1 0, S_0x7fce6cf05fd0;
 .timescale 0 0;
    .port_info 0 /INPUT 1 "a";
    .port_info 1 /INPUT 1 "b";
    .port_info 2 /INPUT 2 "sel";
    .port_info 3 /OUTPUT 1 "y";
v0x7fce6cf063d0_0 .net "a", 0 0, v0x7fce6cf102f0_0;  1 drivers
v0x7fce6cf10090_0 .net "b", 0 0, v0x7fce6cf10390_0;  1 drivers
v0x7fce6cf10130_0 .net "sel", 1 0, v0x7fce6cf10440_0;  1 drivers
v0x7fce6cf101f0_0 .var "y", 0 0;
E_0x7fce6cf06390 .event anyedge, v0x7fce6cf10130_0, v0x7fce6cf063d0_0, v0x7fce6cf10090_0;
    .scope S_0x7fce6cf06150;
T_0 ;
Ewait_0 .event/or E_0x7fce6cf06390, E_0x0;
    %wait Ewait_0;
    %load/vec4 v0x7fce6cf10130_0;
    %dup/vec4;
    %pushi/vec4 0, 0, 2;
    %cmp/u;
    %jmp/1 T_0.0, 6;
    %dup/vec4;
    %pushi/vec4 1, 0, 2;
    %cmp/u;
    %jmp/1 T_0.1, 6;
    %dup/vec4;
    %pushi/vec4 2, 0, 2;
    %cmp/u;
    %jmp/1 T_0.2, 6;
    %dup/vec4;
    %pushi/vec4 3, 0, 2;
    %cmp/u;
    %jmp/1 T_0.3, 6;
    %jmp T_0.4;
T_0.0 ;
    %load/vec4 v0x7fce6cf063d0_0;
    %load/vec4 v0x7fce6cf10090_0;
    %and;
    %store/vec4 v0x7fce6cf101f0_0, 0, 1;
    %jmp T_0.4;
T_0.1 ;
    %load/vec4 v0x7fce6cf063d0_0;
    %load/vec4 v0x7fce6cf10090_0;
    %or;
    %store/vec4 v0x7fce6cf101f0_0, 0, 1;
    %jmp T_0.4;
T_0.2 ;
    %load/vec4 v0x7fce6cf063d0_0;
    %load/vec4 v0x7fce6cf10090_0;
    %xor;
    %store/vec4 v0x7fce6cf101f0_0, 0, 1;
    %jmp T_0.4;
T_0.3 ;
    %load/vec4 v0x7fce6cf063d0_0;
    %inv;
    %store/vec4 v0x7fce6cf101f0_0, 0, 1;
    %jmp T_0.4;
T_0.4 ;
    %pop/vec4 1;
    %jmp T_0;
    .thread T_0, $push;
    .scope S_0x7fce6cf05fd0;
T_1 ;
    %vpi_call/w 3 15 "$dumpfile", "waveform.vcd" {0 0 0};
    %vpi_call/w 3 16 "$dumpvars", 32'sb00000000000000000000000000000000, S_0x7fce6cf05fd0 {0 0 0};
    %vpi_call/w 3 18 "$monitor", "sel=%b a=%b b=%b y=%b", v0x7fce6cf10440_0, v0x7fce6cf102f0_0, v0x7fce6cf10390_0, v0x7fce6cf10510_0 {0 0 0};
    %pushi/vec4 0, 0, 2;
    %store/vec4 v0x7fce6cf10440_0, 0, 2;
    %pushi/vec4 0, 0, 1;
    %store/vec4 v0x7fce6cf102f0_0, 0, 1;
    %pushi/vec4 0, 0, 1;
    %store/vec4 v0x7fce6cf10390_0, 0, 1;
    %delay 10, 0;
    %pushi/vec4 0, 0, 1;
    %store/vec4 v0x7fce6cf102f0_0, 0, 1;
    %pushi/vec4 1, 0, 1;
    %store/vec4 v0x7fce6cf10390_0, 0, 1;
    %delay 10, 0;
    %pushi/vec4 1, 0, 1;
    %store/vec4 v0x7fce6cf102f0_0, 0, 1;
    %pushi/vec4 0, 0, 1;
    %store/vec4 v0x7fce6cf10390_0, 0, 1;
    %delay 10, 0;
    %pushi/vec4 1, 0, 1;
    %store/vec4 v0x7fce6cf102f0_0, 0, 1;
    %pushi/vec4 1, 0, 1;
    %store/vec4 v0x7fce6cf10390_0, 0, 1;
    %delay 10, 0;
    %pushi/vec4 1, 0, 2;
    %store/vec4 v0x7fce6cf10440_0, 0, 2;
    %pushi/vec4 0, 0, 1;
    %store/vec4 v0x7fce6cf102f0_0, 0, 1;
    %pushi/vec4 0, 0, 1;
    %store/vec4 v0x7fce6cf10390_0, 0, 1;
    %delay 10, 0;
    %pushi/vec4 0, 0, 1;
    %store/vec4 v0x7fce6cf102f0_0, 0, 1;
    %pushi/vec4 1, 0, 1;
    %store/vec4 v0x7fce6cf10390_0, 0, 1;
    %delay 10, 0;
    %pushi/vec4 1, 0, 1;
    %store/vec4 v0x7fce6cf102f0_0, 0, 1;
    %pushi/vec4 0, 0, 1;
    %store/vec4 v0x7fce6cf10390_0, 0, 1;
    %delay 10, 0;
    %pushi/vec4 1, 0, 1;
    %store/vec4 v0x7fce6cf102f0_0, 0, 1;
    %pushi/vec4 1, 0, 1;
    %store/vec4 v0x7fce6cf10390_0, 0, 1;
    %delay 10, 0;
    %pushi/vec4 2, 0, 2;
    %store/vec4 v0x7fce6cf10440_0, 0, 2;
    %pushi/vec4 0, 0, 1;
    %store/vec4 v0x7fce6cf102f0_0, 0, 1;
    %pushi/vec4 0, 0, 1;
    %store/vec4 v0x7fce6cf10390_0, 0, 1;
    %delay 10, 0;
    %pushi/vec4 0, 0, 1;
    %store/vec4 v0x7fce6cf102f0_0, 0, 1;
    %pushi/vec4 1, 0, 1;
    %store/vec4 v0x7fce6cf10390_0, 0, 1;
    %delay 10, 0;
    %pushi/vec4 1, 0, 1;
    %store/vec4 v0x7fce6cf102f0_0, 0, 1;
    %pushi/vec4 0, 0, 1;
    %store/vec4 v0x7fce6cf10390_0, 0, 1;
    %delay 10, 0;
    %pushi/vec4 1, 0, 1;
    %store/vec4 v0x7fce6cf102f0_0, 0, 1;
    %pushi/vec4 1, 0, 1;
    %store/vec4 v0x7fce6cf10390_0, 0, 1;
    %delay 10, 0;
    %pushi/vec4 3, 0, 2;
    %store/vec4 v0x7fce6cf10440_0, 0, 2;
    %pushi/vec4 0, 0, 1;
    %store/vec4 v0x7fce6cf102f0_0, 0, 1;
    %pushi/vec4 0, 0, 1;
    %store/vec4 v0x7fce6cf10390_0, 0, 1;
    %delay 10, 0;
    %pushi/vec4 0, 0, 1;
    %store/vec4 v0x7fce6cf102f0_0, 0, 1;
    %pushi/vec4 1, 0, 1;
    %store/vec4 v0x7fce6cf10390_0, 0, 1;
    %delay 10, 0;
    %pushi/vec4 1, 0, 1;
    %store/vec4 v0x7fce6cf102f0_0, 0, 1;
    %pushi/vec4 0, 0, 1;
    %store/vec4 v0x7fce6cf10390_0, 0, 1;
    %delay 10, 0;
    %pushi/vec4 1, 0, 1;
    %store/vec4 v0x7fce6cf102f0_0, 0, 1;
    %pushi/vec4 1, 0, 1;
    %store/vec4 v0x7fce6cf10390_0, 0, 1;
    %delay 10, 0;
    %vpi_call/w 3 75 "$finish" {0 0 0};
    %end;
    .thread T_1;
# The file index is used to find the file name in the following table.
:file_names 5;
    "N/A";
    "<interactive>";
    "-";
    "/Users/veervatsh/repos/fpga/learning/01_logic_gates/sim/logic_gates_tb.sv";
    "/Users/veervatsh/repos/fpga/learning/01_logic_gates/src/logic_gates.sv";
