#! /usr/local/Cellar/icarus-verilog/13.0/bin/vvp
:ivl_version "13.0 (stable)" "(v13_0)";
:ivl_delay_selection "TYPICAL";
:vpi_time_precision + 0;
:vpi_module "/usr/local/Cellar/icarus-verilog/13.0/lib/ivl/system.vpi";
:vpi_module "/usr/local/Cellar/icarus-verilog/13.0/lib/ivl/vhdl_sys.vpi";
:vpi_module "/usr/local/Cellar/icarus-verilog/13.0/lib/ivl/vhdl_textio.vpi";
:vpi_module "/usr/local/Cellar/icarus-verilog/13.0/lib/ivl/v2005_math.vpi";
:vpi_module "/usr/local/Cellar/icarus-verilog/13.0/lib/ivl/va_math.vpi";
:vpi_module "/usr/local/Cellar/icarus-verilog/13.0/lib/ivl/v2009.vpi";
S_0x7fad802072c0 .scope package, "$unit" "$unit" 2 1;
 .timescale 0 0;
S_0x7fad80205110 .scope module, "logic_gates_tb" "logic_gates_tb" 3 1;
 .timescale 0 0;
v0x7fad800069a0_0 .var "a", 1 0;
v0x7fad80006a50_0 .var "b", 1 0;
v0x7fad80006b00_0 .var "sel", 1 0;
v0x7fad80006bd0_0 .net "y", 1 0, v0x7fad80006890_0;  1 drivers
S_0x7fad80205280 .scope begin, "$ivl_for_loop0" "$ivl_for_loop0" 3 20, 3 20 0, S_0x7fad80205110;
 .timescale 0 0;
v0x7fad80207430_0 .var/2s "i", 31 0;
S_0x7fad80006380 .scope module, "uut" "logic_gates" 3 7, 4 1 0, S_0x7fad80205110;
 .timescale 0 0;
    .port_info 0 /INPUT 2 "a";
    .port_info 1 /INPUT 2 "b";
    .port_info 2 /INPUT 2 "sel";
    .port_info 3 /OUTPUT 2 "y";
v0x7fad80006660_0 .net "a", 1 0, v0x7fad800069a0_0;  1 drivers
v0x7fad80006720_0 .net "b", 1 0, v0x7fad80006a50_0;  1 drivers
v0x7fad800067d0_0 .net "sel", 1 0, v0x7fad80006b00_0;  1 drivers
v0x7fad80006890_0 .var "y", 1 0;
E_0x7fad800065f0 .event anyedge, v0x7fad800067d0_0, v0x7fad80006660_0, v0x7fad80006720_0;
    .scope S_0x7fad80006380;
T_0 ;
Ewait_0 .event/or E_0x7fad800065f0, E_0x0;
    %wait Ewait_0;
    %load/vec4 v0x7fad800067d0_0;
    %dup/vec4;
    %pushi/vec4 0, 0, 2;
    %cmp/u;
    %jmp/1 T_0.0, 6;
    %dup/vec4;
    %pushi/vec4 1, 0, 2;
    %cmp/u;
    %jmp/1 T_0.1, 6;
    %dup/vec4;
    %pushi/vec4 2, 0, 2;
    %cmp/u;
    %jmp/1 T_0.2, 6;
    %dup/vec4;
    %pushi/vec4 3, 0, 2;
    %cmp/u;
    %jmp/1 T_0.3, 6;
    %jmp T_0.4;
T_0.0 ;
    %load/vec4 v0x7fad80006660_0;
    %load/vec4 v0x7fad80006720_0;
    %add;
    %store/vec4 v0x7fad80006890_0, 0, 2;
    %jmp T_0.4;
T_0.1 ;
    %load/vec4 v0x7fad80006660_0;
    %load/vec4 v0x7fad80006720_0;
    %sub;
    %store/vec4 v0x7fad80006890_0, 0, 2;
    %jmp T_0.4;
T_0.2 ;
    %load/vec4 v0x7fad80006660_0;
    %load/vec4 v0x7fad80006720_0;
    %and;
    %store/vec4 v0x7fad80006890_0, 0, 2;
    %jmp T_0.4;
T_0.3 ;
    %load/vec4 v0x7fad80006660_0;
    %load/vec4 v0x7fad80006720_0;
    %xor;
    %store/vec4 v0x7fad80006890_0, 0, 2;
    %jmp T_0.4;
T_0.4 ;
    %pop/vec4 1;
    %jmp T_0;
    .thread T_0, $push;
    .scope S_0x7fad80205110;
T_1 ;
    %vpi_call/w 3 15 "$dumpfile", "waveform.vcd" {0 0 0};
    %vpi_call/w 3 16 "$dumpvars", 32'sb00000000000000000000000000000000, S_0x7fad80205110 {0 0 0};
    %vpi_call/w 3 18 "$monitor", "sel=%b a=%b b=%b y=%b", v0x7fad80006b00_0, v0x7fad800069a0_0, v0x7fad80006a50_0, v0x7fad80006bd0_0 {0 0 0};
    %fork t_1, S_0x7fad80205280;
    %jmp t_0;
    .scope S_0x7fad80205280;
t_1 ;
    %pushi/vec4 0, 0, 32;
    %store/vec4 v0x7fad80207430_0, 0, 32;
T_1.0 ; Top of for-loop
    %load/vec4 v0x7fad80207430_0;
    %cmpi/s 64, 0, 32;
	  %jmp/0xz T_1.1, 5;
    %load/vec4 v0x7fad80207430_0;
    %pad/s 6;
    %split/vec4 2;
    %store/vec4 v0x7fad80006a50_0, 0, 2;
    %split/vec4 2;
    %store/vec4 v0x7fad800069a0_0, 0, 2;
    %store/vec4 v0x7fad80006b00_0, 0, 2;
    %delay 10, 0;
T_1.2 ; for-loop step statement
    ; show_stmt_assign_vector: Get l-value for compressed += operand
    %load/vec4 v0x7fad80207430_0;
    %pushi/vec4 1, 0, 32;
    %add;
    %cast2;
    %store/vec4 v0x7fad80207430_0, 0, 32;
    %jmp T_1.0;
T_1.1 ; for-loop exit label
    %end;
    .scope S_0x7fad80205110;
t_0 %join;
    %vpi_call/w 3 96 "$finish" {0 0 0};
    %end;
    .thread T_1;
# The file index is used to find the file name in the following table.
:file_names 5;
    "N/A";
    "<interactive>";
    "-";
    "/Users/veervatsh/repos/fpga/learning/01_2bit_alu/sim/2bit_alu_tb.sv";
    "/Users/veervatsh/repos/fpga/learning/01_2bit_alu/src/2bit_alu.sv";
