#! /usr/local/Cellar/icarus-verilog/13.0/bin/vvp
:ivl_version "13.0 (stable)" "(v13_0)";
:ivl_delay_selection "TYPICAL";
:vpi_time_precision + 0;
:vpi_module "/usr/local/Cellar/icarus-verilog/13.0/lib/ivl/system.vpi";
:vpi_module "/usr/local/Cellar/icarus-verilog/13.0/lib/ivl/vhdl_sys.vpi";
:vpi_module "/usr/local/Cellar/icarus-verilog/13.0/lib/ivl/vhdl_textio.vpi";
:vpi_module "/usr/local/Cellar/icarus-verilog/13.0/lib/ivl/v2005_math.vpi";
:vpi_module "/usr/local/Cellar/icarus-verilog/13.0/lib/ivl/va_math.vpi";
:vpi_module "/usr/local/Cellar/icarus-verilog/13.0/lib/ivl/v2009.vpi";
S_0x7f8ca4b04160 .scope package, "$unit" "$unit" 2 1;
 .timescale 0 0;
S_0x7f8ca4b042e0 .scope module, "trafficLight_fsm_tb" "trafficLight_fsm_tb" 3 1;
 .timescale 0 0;
v0x7f8ca4b14dc0_0 .var "clk", 0 0;
v0x7f8ca4b14e60_0 .net "lightColor", 1 0, v0x7f8ca4b14b40_0;  1 drivers
v0x7f8ca4b14f10_0 .var "reset", 0 0;
S_0x7f8ca4b04460 .scope begin, "$ivl_for_loop0" "$ivl_for_loop0" 3 24, 3 24 0, S_0x7f8ca4b042e0;
 .timescale 0 0;
v0x7f8ca4b04690_0 .var/2s "i", 31 0;
E_0x7f8ca4b04630 .event posedge, v0x7f8ca4b149e0_0;
S_0x7f8ca4b14750 .scope module, "uut" "trafficLight_fsm" 3 6, 4 7 0, S_0x7f8ca4b042e0;
 .timescale 0 0;
    .port_info 0 /INPUT 1 "clk";
    .port_info 1 /INPUT 1 "reset";
    .port_info 2 /OUTPUT 2 "lightColor";
enum0x7f8ca3f0e810 .enum2 (2)
   "RED" 0,
   "YELLOW" 1,
   "GREEN" 2
 ;
v0x7f8ca4b149e0_0 .net "clk", 0 0, v0x7f8ca4b14dc0_0;  1 drivers
v0x7f8ca4b14a90_0 .var/2u "currentState", 1 0;
v0x7f8ca4b14b40_0 .var "lightColor", 1 0;
v0x7f8ca4b14c00_0 .var/2u "nextState", 1 0;
v0x7f8ca4b14cb0_0 .net "reset", 0 0, v0x7f8ca4b14f10_0;  1 drivers
E_0x7f8ca4b14980 .event anyedge, v0x7f8ca4b14a90_0;
    .scope S_0x7f8ca4b14750;
T_0 ;
Ewait_0 .event/or E_0x7f8ca4b14980, E_0x0;
    %wait Ewait_0;
    %load/vec4 v0x7f8ca4b14a90_0;
    %dup/vec4;
    %pushi/vec4 0, 0, 2;
    %cmp/u;
    %jmp/1 T_0.0, 6;
    %dup/vec4;
    %pushi/vec4 1, 0, 2;
    %cmp/u;
    %jmp/1 T_0.1, 6;
    %dup/vec4;
    %pushi/vec4 2, 0, 2;
    %cmp/u;
    %jmp/1 T_0.2, 6;
    %pushi/vec4 0, 0, 2;
    %store/vec4 v0x7f8ca4b14b40_0, 0, 2;
    %pushi/vec4 0, 0, 2;
    %store/vec4 v0x7f8ca4b14c00_0, 0, 2;
    %jmp T_0.4;
T_0.0 ;
    %pushi/vec4 0, 0, 2;
    %store/vec4 v0x7f8ca4b14b40_0, 0, 2;
    %pushi/vec4 1, 0, 2;
    %store/vec4 v0x7f8ca4b14c00_0, 0, 2;
    %jmp T_0.4;
T_0.1 ;
    %pushi/vec4 1, 0, 2;
    %store/vec4 v0x7f8ca4b14b40_0, 0, 2;
    %pushi/vec4 2, 0, 2;
    %store/vec4 v0x7f8ca4b14c00_0, 0, 2;
    %jmp T_0.4;
T_0.2 ;
    %pushi/vec4 2, 0, 2;
    %store/vec4 v0x7f8ca4b14b40_0, 0, 2;
    %pushi/vec4 0, 0, 2;
    %store/vec4 v0x7f8ca4b14c00_0, 0, 2;
    %jmp T_0.4;
T_0.4 ;
    %pop/vec4 1;
    %jmp T_0;
    .thread T_0, $push;
    .scope S_0x7f8ca4b14750;
T_1 ;
    %wait E_0x7f8ca4b04630;
    %load/vec4 v0x7f8ca4b14cb0_0;
    %cmpi/e 1, 0, 1;
    %jmp/0xz  T_1.0, 4;
    %pushi/vec4 0, 0, 2;
    %assign/vec4 v0x7f8ca4b14a90_0, 0;
    %jmp T_1.1;
T_1.0 ;
    %load/vec4 v0x7f8ca4b14c00_0;
    %assign/vec4 v0x7f8ca4b14a90_0, 0;
T_1.1 ;
    %jmp T_1;
    .thread T_1;
    .scope S_0x7f8ca4b042e0;
T_2 ;
    %vpi_call/w 3 13 "$dumpfile", "waveform.vcd" {0 0 0};
    %vpi_call/w 3 14 "$dumpvars", 32'sb00000000000000000000000000000000, S_0x7f8ca4b042e0 {0 0 0};
    %vpi_call/w 3 16 "$monitor", "clk = %b, reset = %b, lightColor = %b", v0x7f8ca4b14dc0_0, v0x7f8ca4b14f10_0, v0x7f8ca4b14e60_0 {0 0 0};
    %pushi/vec4 0, 0, 1;
    %store/vec4 v0x7f8ca4b14dc0_0, 0, 1;
    %pushi/vec4 1, 0, 1;
    %store/vec4 v0x7f8ca4b14f10_0, 0, 1;
    %wait E_0x7f8ca4b04630;
    %delay 10, 0;
    %pushi/vec4 0, 0, 1;
    %store/vec4 v0x7f8ca4b14f10_0, 0, 1;
    %fork t_1, S_0x7f8ca4b04460;
    %jmp t_0;
    .scope S_0x7f8ca4b04460;
t_1 ;
    %pushi/vec4 0, 0, 32;
    %store/vec4 v0x7f8ca4b04690_0, 0, 32;
T_2.0 ; Top of for-loop
    %load/vec4 v0x7f8ca4b04690_0;
    %cmpi/s 7, 0, 32;
	  %jmp/0xz T_2.1, 5;
    %wait E_0x7f8ca4b04630;
T_2.2 ; for-loop step statement
    ; show_stmt_assign_vector: Get l-value for compressed += operand
    %load/vec4 v0x7f8ca4b04690_0;
    %pushi/vec4 1, 0, 32;
    %add;
    %cast2;
    %store/vec4 v0x7f8ca4b04690_0, 0, 32;
    %jmp T_2.0;
T_2.1 ; for-loop exit label
    %end;
    .scope S_0x7f8ca4b042e0;
t_0 %join;
    %vpi_call/w 3 28 "$finish" {0 0 0};
    %end;
    .thread T_2;
    .scope S_0x7f8ca4b042e0;
T_3 ;
    %delay 10, 0;
    %load/vec4 v0x7f8ca4b14dc0_0;
    %inv;
    %store/vec4 v0x7f8ca4b14dc0_0, 0, 1;
    %jmp T_3;
    .thread T_3;
# The file index is used to find the file name in the following table.
:file_names 5;
    "N/A";
    "<interactive>";
    "-";
    "/Users/veervatsh/repos/fpga/learning/03_fsm_trafficLight/sim/fsm_tb.sv";
    "/Users/veervatsh/repos/fpga/learning/03_fsm_trafficLight/src/fsm.sv";
