#! /usr/local/Cellar/icarus-verilog/13.0/bin/vvp
:ivl_version "13.0 (stable)" "(v13_0)";
:ivl_delay_selection "TYPICAL";
:vpi_time_precision + 0;
:vpi_module "/usr/local/Cellar/icarus-verilog/13.0/lib/ivl/system.vpi";
:vpi_module "/usr/local/Cellar/icarus-verilog/13.0/lib/ivl/vhdl_sys.vpi";
:vpi_module "/usr/local/Cellar/icarus-verilog/13.0/lib/ivl/vhdl_textio.vpi";
:vpi_module "/usr/local/Cellar/icarus-verilog/13.0/lib/ivl/v2005_math.vpi";
:vpi_module "/usr/local/Cellar/icarus-verilog/13.0/lib/ivl/va_math.vpi";
:vpi_module "/usr/local/Cellar/icarus-verilog/13.0/lib/ivl/v2009.vpi";
S_0x7fa31220aa90 .scope package, "$unit" "$unit" 2 1;
 .timescale 0 0;
S_0x7fa312204760 .scope module, "overlappingSequenceDetector_tb" "overlappingSequenceDetector_tb" 3 24;
 .timescale 0 0;
v0x7fa31222a400_0 .var "clk", 0 0;
v0x7fa31222a4a0_0 .var "reset", 0 0;
v0x7fa31222a550_0 .net "sequenceDetected", 0 0, v0x7fa31222a240_0;  1 drivers
v0x7fa31222a620_0 .var "test201", 0 0;
v0x7fa31222a6b0_0 .var "test202", 0 0;
v0x7fa31222a780_0 .var "x", 0 0;
E_0x7fa312205910 .event negedge, v0x7fa312216e00_0;
S_0x7fa3122048d0 .scope module, "uut" "overlappingSequenceDetectorFSM" 3 32, 4 7 0, S_0x7fa312204760;
 .timescale 0 0;
    .port_info 0 /INPUT 1 "clk";
    .port_info 1 /INPUT 1 "x";
    .port_info 2 /INPUT 1 "reset";
    .port_info 3 /OUTPUT 1 "sequenceDetected";
enum0x7fa3122125d0 .enum2 (2)
   "S0" 0,
   "S1" 1,
   "S2" 2,
   "S3" 3
 ;
v0x7fa312216e00_0 .net "clk", 0 0, v0x7fa31222a400_0;  1 drivers
v0x7fa31222a030_0 .var/2u "currentState", 1 0;
v0x7fa31222a0e0_0 .var/2u "nextState", 1 0;
v0x7fa31222a1a0_0 .net "reset", 0 0, v0x7fa31222a4a0_0;  1 drivers
v0x7fa31222a240_0 .var "sequenceDetected", 0 0;
v0x7fa31222a320_0 .net "x", 0 0, v0x7fa31222a780_0;  1 drivers
E_0x7fa312205670 .event posedge, v0x7fa312216e00_0;
E_0x7fa3122055b0 .event anyedge, v0x7fa31222a030_0, v0x7fa31222a320_0;
    .scope S_0x7fa3122048d0;
T_0 ;
Ewait_0 .event/or E_0x7fa3122055b0, E_0x0;
    %wait Ewait_0;
    %load/vec4 v0x7fa31222a030_0;
    %dup/vec4;
    %pushi/vec4 0, 0, 2;
    %cmp/u;
    %jmp/1 T_0.0, 6;
    %dup/vec4;
    %pushi/vec4 1, 0, 2;
    %cmp/u;
    %jmp/1 T_0.1, 6;
    %dup/vec4;
    %pushi/vec4 2, 0, 2;
    %cmp/u;
    %jmp/1 T_0.2, 6;
    %dup/vec4;
    %pushi/vec4 3, 0, 2;
    %cmp/u;
    %jmp/1 T_0.3, 6;
    %pushi/vec4 0, 0, 2;
    %store/vec4 v0x7fa31222a0e0_0, 0, 2;
    %pushi/vec4 0, 0, 1;
    %store/vec4 v0x7fa31222a240_0, 0, 1;
    %jmp T_0.5;
T_0.0 ;
    %load/vec4 v0x7fa31222a320_0;
    %cmpi/e 1, 0, 1;
    %jmp/0xz  T_0.6, 4;
    %pushi/vec4 1, 0, 2;
    %store/vec4 v0x7fa31222a0e0_0, 0, 2;
    %pushi/vec4 0, 0, 1;
    %store/vec4 v0x7fa31222a240_0, 0, 1;
    %jmp T_0.7;
T_0.6 ;
    %pushi/vec4 0, 0, 2;
    %store/vec4 v0x7fa31222a0e0_0, 0, 2;
    %pushi/vec4 0, 0, 1;
    %store/vec4 v0x7fa31222a240_0, 0, 1;
T_0.7 ;
    %jmp T_0.5;
T_0.1 ;
    %load/vec4 v0x7fa31222a320_0;
    %cmpi/e 0, 0, 1;
    %jmp/0xz  T_0.8, 4;
    %pushi/vec4 2, 0, 2;
    %store/vec4 v0x7fa31222a0e0_0, 0, 2;
    %pushi/vec4 0, 0, 1;
    %store/vec4 v0x7fa31222a240_0, 0, 1;
    %jmp T_0.9;
T_0.8 ;
    %pushi/vec4 1, 0, 2;
    %store/vec4 v0x7fa31222a0e0_0, 0, 2;
    %pushi/vec4 0, 0, 1;
    %store/vec4 v0x7fa31222a240_0, 0, 1;
T_0.9 ;
    %jmp T_0.5;
T_0.2 ;
    %load/vec4 v0x7fa31222a320_0;
    %cmpi/e 1, 0, 1;
    %jmp/0xz  T_0.10, 4;
    %pushi/vec4 3, 0, 2;
    %store/vec4 v0x7fa31222a0e0_0, 0, 2;
    %pushi/vec4 0, 0, 1;
    %store/vec4 v0x7fa31222a240_0, 0, 1;
    %jmp T_0.11;
T_0.10 ;
    %pushi/vec4 0, 0, 2;
    %store/vec4 v0x7fa31222a0e0_0, 0, 2;
    %pushi/vec4 0, 0, 1;
    %store/vec4 v0x7fa31222a240_0, 0, 1;
T_0.11 ;
    %jmp T_0.5;
T_0.3 ;
    %load/vec4 v0x7fa31222a320_0;
    %cmpi/e 1, 0, 1;
    %jmp/0xz  T_0.12, 4;
    %pushi/vec4 1, 0, 2;
    %store/vec4 v0x7fa31222a0e0_0, 0, 2;
    %pushi/vec4 1, 0, 1;
    %store/vec4 v0x7fa31222a240_0, 0, 1;
    %jmp T_0.13;
T_0.12 ;
    %pushi/vec4 2, 0, 2;
    %store/vec4 v0x7fa31222a0e0_0, 0, 2;
    %pushi/vec4 0, 0, 1;
    %store/vec4 v0x7fa31222a240_0, 0, 1;
T_0.13 ;
    %jmp T_0.5;
T_0.5 ;
    %pop/vec4 1;
    %jmp T_0;
    .thread T_0, $push;
    .scope S_0x7fa3122048d0;
T_1 ;
    %wait E_0x7fa312205670;
    %load/vec4 v0x7fa31222a1a0_0;
    %cmpi/e 1, 0, 1;
    %jmp/0xz  T_1.0, 4;
    %pushi/vec4 0, 0, 2;
    %assign/vec4 v0x7fa31222a030_0, 0;
    %jmp T_1.1;
T_1.0 ;
    %load/vec4 v0x7fa31222a0e0_0;
    %assign/vec4 v0x7fa31222a030_0, 0;
T_1.1 ;
    %jmp T_1;
    .thread T_1;
    .scope S_0x7fa312204760;
T_2 ;
    %pushi/vec4 0, 0, 1;
    %store/vec4 v0x7fa31222a400_0, 0, 1;
    %pushi/vec4 1, 0, 1;
    %store/vec4 v0x7fa31222a4a0_0, 0, 1;
    %pushi/vec4 0, 0, 1;
    %store/vec4 v0x7fa31222a780_0, 0, 1;
    %end;
    .thread T_2;
    .scope S_0x7fa312204760;
T_3 ;
    %delay 10, 0;
    %load/vec4 v0x7fa31222a400_0;
    %inv;
    %store/vec4 v0x7fa31222a400_0, 0, 1;
    %jmp T_3;
    .thread T_3;
    .scope S_0x7fa312204760;
T_4 ;
    %vpi_call/w 3 51 "$dumpfile", "waveform.vcd" {0 0 0};
    %vpi_call/w 3 52 "$dumpvars", 32'sb00000000000000000000000000000000, S_0x7fa312204760 {0 0 0};
    %vpi_call/w 3 53 "$monitor", "clk=%b,reset=%b,x=%b,sequenceDetected=%b", v0x7fa31222a400_0, v0x7fa31222a4a0_0, v0x7fa31222a780_0, v0x7fa31222a550_0 {0 0 0};
    %wait E_0x7fa312205670;
    %pushi/vec4 1, 0, 1;
    %store/vec4 v0x7fa31222a4a0_0, 0, 1;
    %wait E_0x7fa312205910;
    %pushi/vec4 0, 0, 1;
    %store/vec4 v0x7fa31222a4a0_0, 0, 1;
    %pushi/vec4 1, 0, 1;
    %store/vec4 v0x7fa31222a780_0, 0, 1;
    %wait E_0x7fa312205910;
    %pushi/vec4 0, 0, 1;
    %store/vec4 v0x7fa31222a780_0, 0, 1;
    %wait E_0x7fa312205910;
    %pushi/vec4 1, 0, 1;
    %store/vec4 v0x7fa31222a780_0, 0, 1;
    %wait E_0x7fa312205910;
    %pushi/vec4 1, 0, 1;
    %store/vec4 v0x7fa31222a780_0, 0, 1;
    %wait E_0x7fa312205670;
    %delay 0, 0;
    %load/vec4 v0x7fa31222a550_0;
    %cmpi/e 1, 0, 1;
    %jmp/0xz  T_4.0, 4;
    %vpi_call/w 3 72 "$display", "PASS TEST 1" {0 0 0};
    %jmp T_4.1;
T_4.0 ;
    %vpi_call/w 3 75 "$display", "FAIL TEST 1" {0 0 0};
T_4.1 ;
    %wait E_0x7fa312205670;
    %delay 10, 0;
    %pushi/vec4 1, 0, 1;
    %store/vec4 v0x7fa31222a4a0_0, 0, 1;
    %wait E_0x7fa312205910;
    %pushi/vec4 0, 0, 1;
    %store/vec4 v0x7fa31222a4a0_0, 0, 1;
    %pushi/vec4 1, 0, 1;
    %store/vec4 v0x7fa31222a780_0, 0, 1;
    %wait E_0x7fa312205910;
    %pushi/vec4 0, 0, 1;
    %store/vec4 v0x7fa31222a780_0, 0, 1;
    %wait E_0x7fa312205910;
    %pushi/vec4 1, 0, 1;
    %store/vec4 v0x7fa31222a780_0, 0, 1;
    %wait E_0x7fa312205910;
    %pushi/vec4 1, 0, 1;
    %store/vec4 v0x7fa31222a780_0, 0, 1;
    %wait E_0x7fa312205670;
    %delay 0, 0;
    %load/vec4 v0x7fa31222a550_0;
    %cmpi/e 1, 0, 1;
    %jmp/0xz  T_4.2, 4;
    %vpi_call/w 3 100 "$display", "\012PASS TEST 2.01\012" {0 0 0};
    %pushi/vec4 1, 0, 1;
    %store/vec4 v0x7fa31222a620_0, 0, 1;
    %jmp T_4.3;
T_4.2 ;
    %vpi_call/w 3 104 "$display", "\012FAIL TEST 2.01\012" {0 0 0};
T_4.3 ;
    %wait E_0x7fa312205910;
    %pushi/vec4 0, 0, 1;
    %store/vec4 v0x7fa31222a780_0, 0, 1;
    %wait E_0x7fa312205910;
    %pushi/vec4 1, 0, 1;
    %store/vec4 v0x7fa31222a780_0, 0, 1;
    %wait E_0x7fa312205910;
    %pushi/vec4 1, 0, 1;
    %store/vec4 v0x7fa31222a780_0, 0, 1;
    %wait E_0x7fa312205670;
    %delay 0, 0;
    %load/vec4 v0x7fa31222a550_0;
    %cmpi/e 1, 0, 1;
    %jmp/0xz  T_4.4, 4;
    %vpi_call/w 3 117 "$display", "\012PASS TEST 2.02\012" {0 0 0};
    %pushi/vec4 1, 0, 1;
    %store/vec4 v0x7fa31222a6b0_0, 0, 1;
    %jmp T_4.5;
T_4.4 ;
    %vpi_call/w 3 121 "$display", "\012FAIL TEST 2.02\012" {0 0 0};
T_4.5 ;
    %wait E_0x7fa312205670;
    %delay 0, 0;
    %load/vec4 v0x7fa31222a620_0;
    %flag_set/vec4 9;
    %flag_get/vec4 9;
    %jmp/0 T_4.8, 9;
    %load/vec4 v0x7fa31222a6b0_0;
    %pad/u 32;
    %pushi/vec4 1, 0, 32;
    %cmp/e;
    %flag_get/vec4 4;
    %and;
T_4.8;
    %flag_set/vec4 8;
    %jmp/0xz  T_4.6, 8;
    %vpi_call/w 3 129 "$display", "\012PASS TEST 2\012" {0 0 0};
    %jmp T_4.7;
T_4.6 ;
    %vpi_call/w 3 132 "$display", "\012FAIL TEST 2\012" {0 0 0};
T_4.7 ;
    %vpi_call/w 3 134 "$finish" {0 0 0};
    %end;
    .thread T_4;
# The file index is used to find the file name in the following table.
:file_names 5;
    "N/A";
    "<interactive>";
    "-";
    "/Users/veervatsh/repos/fpga/learning/04_fsm_overlappingSequenceDetector/sim/overlappingSequenceDetectorFSM_tb.sv";
    "/Users/veervatsh/repos/fpga/learning/04_fsm_overlappingSequenceDetector/src/overlappingSequenceDetectorFSM.sv";
